// Vitest Snapshot v1, https://vitest.dev/guide/snapshot.html

exports[`recorder > demonstrates the testing pattern using recorder 1`] = `
[
  1,
]
`;

exports[`recorder > demonstrates the testing pattern using recorder with state updates 1`] = `
[
  0,
  1,
  2,
  3,
]
`;
